
> react-kavia@0.1.0 start
> react-scripts start

(node:2614) [DEP_WEBPACK_DEV_SERVER_ON_AFTER_SETUP_MIDDLEWARE] DeprecationWarning: 'onAfterSetupMiddleware' option is deprecated. Please use the 'setupMiddlewares' option.
(Use `node --trace-deprecation ...` to show where the warning was created)
(node:2614) [DEP_WEBPACK_DEV_SERVER_ON_BEFORE_SETUP_MIDDLEWARE] DeprecationWarning: 'onBeforeSetupMiddleware' option is deprecated. Please use the 'setupMiddlewares' option.
Starting the development server...

Compiled with warnings.

[eslint] 
src/MainContainer.js
  Line 7:8:    'RoutineTracker' is defined but never used   no-unused-vars
  Line 8:8:    'MedicalRecords' is defined but never used   no-unused-vars
  Line 74:12:  'handleSelectPet' is defined but never used  no-unused-vars

src/pages/Dashboard.js
  Line 104:9:  The 'now' object construction makes the dependencies of useMemo Hook (at line 184) change on every render. Move it inside the useMemo callback. Alternatively, wrap the initialization of 'now' in its own useMemo() Hook  react-hooks/exhaustive-deps
  Line 226:6:  React Hook React.useEffect has a missing dependency: 'tipList.length'. Either include it or remove the dependency array                                                                                                    react-hooks/exhaustive-deps

src/pages/HealthTrackerPage.js
  Line 18:19:   'setSummary' is assigned a value but never used                    no-unused-vars
  Line 28:19:   'setHistory' is assigned a value but never used                    no-unused-vars
  Line 51:20:   'setVaccines' is assigned a value but never used                   no-unused-vars
  Line 57:19:   'setVetInfo' is assigned a value but never used                    no-unused-vars
  Line 248:20:  Elements with ARIA roles must use a valid, non-abstract ARIA role  jsx-a11y/aria-role

src/pages/LandingPage.js
  Line 39:9:  'heartIcon' is assigned a value but never used  no-unused-vars

src/pages/PetProfilePage.js
  Line 135:11:  'arr' is assigned a value but never used     no-unused-vars
  Line 621:20:  'inputStyle' was used before it was defined  no-use-before-define
  Line 627:20:  'inputStyle' was used before it was defined  no-use-before-define

Search for the keywords to learn more about each warning.
To ignore, add // eslint-disable-next-line to the line before.

WARNING in [eslint] 
src/MainContainer.js
  Line 7:8:    'RoutineTracker' is defined but never used   no-unused-vars
  Line 8:8:    'MedicalRecords' is defined but never used   no-unused-vars
  Line 74:12:  'handleSelectPet' is defined but never used  no-unused-vars

src/pages/Dashboard.js
  Line 104:9:  The 'now' object construction makes the dependencies of useMemo Hook (at line 184) change on every render. Move it inside the useMemo callback. Alternatively, wrap the initialization of 'now' in its own useMemo() Hook  react-hooks/exhaustive-deps
  Line 226:6:  React Hook React.useEffect has a missing dependency: 'tipList.length'. Either include it or remove the dependency array                                                                                                    react-hooks/exhaustive-deps

src/pages/HealthTrackerPage.js
  Line 18:19:   'setSummary' is assigned a value but never used                    no-unused-vars
  Line 28:19:   'setHistory' is assigned a value but never used                    no-unused-vars
  Line 51:20:   'setVaccines' is assigned a value but never used                   no-unused-vars
  Line 57:19:   'setVetInfo' is assigned a value but never used                    no-unused-vars
  Line 248:20:  Elements with ARIA roles must use a valid, non-abstract ARIA role  jsx-a11y/aria-role

src/pages/LandingPage.js
  Line 39:9:  'heartIcon' is assigned a value but never used  no-unused-vars

src/pages/PetProfilePage.js
  Line 135:11:  'arr' is assigned a value but never used     no-unused-vars
  Line 621:20:  'inputStyle' was used before it was defined  no-use-before-define
  Line 627:20:  'inputStyle' was used before it was defined  no-use-before-define

webpack compiled with 1 warning
